------------------------------------------------------------
TimeQuest Timing Analyzer Summary
------------------------------------------------------------

Type  : Slow 1100mV 85C Model Setup 'clock'
Slack : 0.000
TNS   : 0.000

Type  : Slow 1100mV 85C Model Hold 'clock'
Slack : 0.384
TNS   : 0.000

Type  : Slow 1100mV 85C Model Minimum Pulse Width 'clock'
Slack : -0.394
TNS   : -4.782

Type  : Slow 1100mV 0C Model Setup 'clock'
Slack : -0.032
TNS   : -0.032

Type  : Slow 1100mV 0C Model Hold 'clock'
Slack : 0.401
TNS   : 0.000

Type  : Slow 1100mV 0C Model Minimum Pulse Width 'clock'
Slack : -0.394
TNS   : -5.128

Type  : Fast 1100mV 85C Model Setup 'clock'
Slack : 0.417
TNS   : 0.000

Type  : Fast 1100mV 85C Model Hold 'clock'
Slack : 0.183
TNS   : 0.000

Type  : Fast 1100mV 85C Model Minimum Pulse Width 'clock'
Slack : -0.080
TNS   : -0.708

Type  : Fast 1100mV 0C Model Setup 'clock'
Slack : 0.435
TNS   : 0.000

Type  : Fast 1100mV 0C Model Hold 'clock'
Slack : 0.174
TNS   : 0.000

Type  : Fast 1100mV 0C Model Minimum Pulse Width 'clock'
Slack : -0.081
TNS   : -0.712

------------------------------------------------------------
