------------------------------------------------------------
TimeQuest Timing Analyzer Summary
------------------------------------------------------------

Type  : Slow 1100mV 85C Model Setup 'clock'
Slack : -0.139
TNS   : -0.297

Type  : Slow 1100mV 85C Model Hold 'clock'
Slack : 0.216
TNS   : 0.000

Type  : Slow 1100mV 85C Model Minimum Pulse Width 'clock'
Slack : -0.394
TNS   : -3.210

Type  : Slow 1100mV 0C Model Setup 'clock'
Slack : -0.158
TNS   : -0.283

Type  : Slow 1100mV 0C Model Hold 'clock'
Slack : 0.204
TNS   : 0.000

Type  : Slow 1100mV 0C Model Minimum Pulse Width 'clock'
Slack : -0.394
TNS   : -3.414

Type  : Fast 1100mV 85C Model Setup 'clock'
Slack : 0.316
TNS   : 0.000

Type  : Fast 1100mV 85C Model Hold 'clock'
Slack : 0.128
TNS   : 0.000

Type  : Fast 1100mV 85C Model Minimum Pulse Width 'clock'
Slack : -0.079
TNS   : -0.470

Type  : Fast 1100mV 0C Model Setup 'clock'
Slack : 0.353
TNS   : 0.000

Type  : Fast 1100mV 0C Model Hold 'clock'
Slack : 0.117
TNS   : 0.000

Type  : Fast 1100mV 0C Model Minimum Pulse Width 'clock'
Slack : -0.080
TNS   : -0.476

------------------------------------------------------------
