------------------------------------------------------------
TimeQuest Timing Analyzer Summary
------------------------------------------------------------

Type  : Slow 1100mV 85C Model Setup 'clock'
Slack : -0.268
TNS   : -0.472

Type  : Slow 1100mV 85C Model Hold 'clock'
Slack : 0.218
TNS   : 0.000

Type  : Slow 1100mV 85C Model Minimum Pulse Width 'clock'
Slack : -0.394
TNS   : -2.675

Type  : Slow 1100mV 0C Model Setup 'clock'
Slack : -0.212
TNS   : -0.386

Type  : Slow 1100mV 0C Model Hold 'clock'
Slack : 0.206
TNS   : 0.000

Type  : Slow 1100mV 0C Model Minimum Pulse Width 'clock'
Slack : -0.394
TNS   : -2.848

Type  : Fast 1100mV 85C Model Setup 'clock'
Slack : 0.213
TNS   : 0.000

Type  : Fast 1100mV 85C Model Hold 'clock'
Slack : 0.130
TNS   : 0.000

Type  : Fast 1100mV 85C Model Minimum Pulse Width 'clock'
Slack : -0.079
TNS   : -0.391

Type  : Fast 1100mV 0C Model Setup 'clock'
Slack : 0.271
TNS   : 0.000

Type  : Fast 1100mV 0C Model Hold 'clock'
Slack : 0.118
TNS   : 0.000

Type  : Fast 1100mV 0C Model Minimum Pulse Width 'clock'
Slack : -0.080
TNS   : -0.396

------------------------------------------------------------
